******************************************************************************
                  TI ARM Linker Unix v18.12.3                  
******************************************************************************
>> Linked Mon Oct 28 14:24:21 2019

OUTPUT FILE NAME:   <segments_labb.out>
ENTRY POINT SYMBOL: "_c_int00_noargs"  address: 000005a9


MEMORY CONFIGURATION

         name            origin    length      used     unused   attr    fill
----------------------  --------  ---------  --------  --------  ----  --------
  FLASH                 00000000   00040000  00000632  0003f9ce  R  X
  SRAM                  20000000   00008000  00000204  00007dfc  RW X


SEGMENT ALLOCATION MAP

run origin  load origin   length   init length attrs members
----------  ----------- ---------- ----------- ----- -------
00000000    00000000    00000638   00000638    r-x
  00000000    00000000    0000026c   0000026c    r-- .intvecs
  0000026c    0000026c    0000039e   0000039e    r-x .text
  0000060a    0000060a    00000010   00000010    r-- .const
  00000620    00000620    00000018   00000018    r-- .cinit
20000000    20000000    00000204   00000000    rw-
  20000000    20000000    00000200   00000000    rw- .stack
  20000200    20000200    00000004   00000000    rw- .data


SECTION ALLOCATION MAP

 output                                  attributes/
section   page    origin      length       input sections
--------  ----  ----------  ----------   ----------------
.intvecs   0    00000000    0000026c     
                  00000000    0000026c     tm4c123gh6pm_startup_ccs.obj (.intvecs)

.text      0    0000026c    0000039e     
                  0000026c    000000c8     statemachine.obj (.text)
                  00000334    0000009c     rtsv7M4_T_le_v4SPD16_eabi.lib : memcpy_t2.asm.obj (.text)
                  000003d0    0000009c     sysinit.obj (.text)
                  0000046c    00000090     timer0.obj (.text)
                  000004fc    00000068     rtsv7M4_T_le_v4SPD16_eabi.lib : copy_decompress_lzss.c.obj (.text:decompress:lzss:__TI_decompress_lzss)
                  00000564    00000044                                   : autoinit.c.obj (.text:__TI_auto_init_nobinit_nopinit:__TI_auto_init_nobinit_nopinit)
                  000005a8    00000034                                   : boot_cortex_m.c.obj (.text:_c_int00_noargs:_c_int00_noargs)
                  000005dc    0000000e                                   : copy_decompress_none.c.obj (.text:decompress:none:__TI_decompress_none)
                  000005ea    0000000c     main.obj (.text)
                  000005f6    0000000c     tm4c123gh6pm_startup_ccs.obj (.text)
                  00000602    00000004     rtsv7M4_T_le_v4SPD16_eabi.lib : pre_init.c.obj (.text:_system_pre_init)
                  00000606    00000004                                   : exit.c.obj (.text:abort:abort)

.const     0    0000060a    00000010     
                  0000060a    00000010     statemachine.obj (.const:.string:numbers)

.cinit     0    00000620    00000018     
                  00000620    00000008     (__TI_handler_table)
                  00000628    00000007     (.cinit..data.load) [load image, compression = lzss]
                  0000062f    00000001     --HOLE-- [fill = 0]
                  00000630    00000008     (__TI_cinit_table)

.init_array 
*          0    00000000    00000000     UNINITIALIZED

.data      0    20000200    00000004     UNINITIALIZED
                  20000200    00000004     statemachine.obj (.data)

.stack     0    20000000    00000200     UNINITIALIZED
                  20000000    00000004     rtsv7M4_T_le_v4SPD16_eabi.lib : boot_cortex_m.c.obj (.stack)
                  20000004    000001fc     --HOLE--

MODULE SUMMARY

       Module                         code   ro data   rw data
       ------                         ----   -------   -------
    ./
       tm4c123gh6pm_startup_ccs.obj   12     620       0      
    +--+------------------------------+------+---------+---------+
       Total:                         12     620       0      
                                                              
    ./src/
       main.obj                       12     0         0      
    +--+------------------------------+------+---------+---------+
       Total:                         12     0         0      
                                                              
    ./src/fsm/
       statemachine.obj               200    16        4      
    +--+------------------------------+------+---------+---------+
       Total:                         200    16        4      
                                                              
    ./src/sysinit/
       sysinit.obj                    156    0         0      
    +--+------------------------------+------+---------+---------+
       Total:                         156    0         0      
                                                              
    ./src/timer/
       timer0.obj                     144    0         0      
    +--+------------------------------+------+---------+---------+
       Total:                         144    0         0      
                                                              
    /Applications/ti/ccs920/ccs/tools/compiler/ti-cgt-arm_18.12.3.LTS/lib/rtsv7M4_T_le_v4SPD16_eabi.lib
       memcpy_t2.asm.obj              156    0         0      
       copy_decompress_lzss.c.obj     104    0         0      
       autoinit.c.obj                 68     0         0      
       boot_cortex_m.c.obj            52     0         0      
       copy_decompress_none.c.obj     14     0         0      
       exit.c.obj                     4      0         0      
       pre_init.c.obj                 4      0         0      
    +--+------------------------------+------+---------+---------+
       Total:                         402    0         0      
                                                              
       Stack:                         0      0         512    
       Linker Generated:              0      23        0      
    +--+------------------------------+------+---------+---------+
       Grand Total:                   926    659       516    


LINKER GENERATED COPY TABLES

__TI_cinit_table @ 00000630 records: 1, size/record: 8, table size: 8
	.data: load addr=00000628, load size=00000007 bytes, run addr=20000200, run size=00000004 bytes, compression=lzss


LINKER GENERATED HANDLER TABLE

__TI_handler_table @ 00000620 records: 2, size/record: 4, table size: 8
	index: 0, handler: __TI_decompress_lzss
	index: 1, handler: __TI_decompress_none


GLOBAL SYMBOLS: SORTED ALPHABETICALLY BY Name 

address   name                          
-------   ----                          
00000607  C$$EXIT                       
000005f7  ResetISR                      
20000200  __STACK_END                   
00000200  __STACK_SIZE                  
20000200  __STACK_TOP                   
00000630  __TI_CINIT_Base               
00000638  __TI_CINIT_Limit              
00000620  __TI_Handler_Table_Base       
00000628  __TI_Handler_Table_Limit      
00000565  __TI_auto_init_nobinit_nopinit
000004fd  __TI_decompress_lzss          
000005dd  __TI_decompress_none          
ffffffff  __TI_pprof_out_hndl           
ffffffff  __TI_prof_data_size           
ffffffff  __TI_prof_data_start          
00000000  __TI_static_base__            
00000335  __aeabi_memcpy                
00000335  __aeabi_memcpy4               
00000335  __aeabi_memcpy8               
ffffffff  __binit__                     
ffffffff  __c_args__                    
UNDEFED   __mpu_init                    
20000000  __stack                       
000005a9  _c_int00_noargs               
UNDEFED   _system_post_cinit            
00000603  _system_pre_init              
00000607  abort                         
ffffffff  binit                         
0000026d  capture_input                 
20000200  counter                       
000004c7  delay                         
00000000  g_pfnVectors                  
000005eb  main                          
00000335  memcpy                        
0000060a  numbers                       
000002c9  run                           
000003d1  sys_init                      
00000441  sys_start                     
000004b7  timeout                       
0000046d  timer0_oneshot_init           
000004af  timer0_reset                  
0000048b  timer0_set                    
0000029d  update                        


GLOBAL SYMBOLS: SORTED BY Symbol Address 

address   name                          
-------   ----                          
00000000  __TI_static_base__            
00000000  g_pfnVectors                  
00000200  __STACK_SIZE                  
0000026d  capture_input                 
0000029d  update                        
000002c9  run                           
00000335  __aeabi_memcpy                
00000335  __aeabi_memcpy4               
00000335  __aeabi_memcpy8               
00000335  memcpy                        
000003d1  sys_init                      
00000441  sys_start                     
0000046d  timer0_oneshot_init           
0000048b  timer0_set                    
000004af  timer0_reset                  
000004b7  timeout                       
000004c7  delay                         
000004fd  __TI_decompress_lzss          
00000565  __TI_auto_init_nobinit_nopinit
000005a9  _c_int00_noargs               
000005dd  __TI_decompress_none          
000005eb  main                          
000005f7  ResetISR                      
00000603  _system_pre_init              
00000607  C$$EXIT                       
00000607  abort                         
0000060a  numbers                       
00000620  __TI_Handler_Table_Base       
00000628  __TI_Handler_Table_Limit      
00000630  __TI_CINIT_Base               
00000638  __TI_CINIT_Limit              
20000000  __stack                       
20000200  __STACK_END                   
20000200  __STACK_TOP                   
20000200  counter                       
ffffffff  __TI_pprof_out_hndl           
ffffffff  __TI_prof_data_size           
ffffffff  __TI_prof_data_start          
ffffffff  __binit__                     
ffffffff  __c_args__                    
ffffffff  binit                         
UNDEFED   __mpu_init                    
UNDEFED   _system_post_cinit            

[43 symbols]
